mode: set
github.com/JingxuanC/vela-ai-api/internal/platform/rag/chunker.go:28.38,37.2 1 1
github.com/JingxuanC/vela-ai-api/internal/platform/rag/chunker.go:41.64,45.28 3 1
github.com/JingxuanC/vela-ai-api/internal/platform/rag/chunker.go:45.28,47.32 1 1
github.com/JingxuanC/vela-ai-api/internal/platform/rag/chunker.go:47.32,48.12 1 1
github.com/JingxuanC/vela-ai-api/internal/platform/rag/chunker.go:52.3,54.18 3 1
github.com/JingxuanC/vela-ai-api/internal/platform/rag/chunker.go:54.18,55.12 1 0
github.com/JingxuanC/vela-ai-api/internal/platform/rag/chunker.go:59.3,60.20 2 1
github.com/JingxuanC/vela-ai-api/internal/platform/rag/chunker.go:60.20,62.4 1 1
github.com/JingxuanC/vela-ai-api/internal/platform/rag/chunker.go:64.3,79.5 1 1
github.com/JingxuanC/vela-ai-api/internal/platform/rag/chunker.go:82.2,82.15 1 1
github.com/JingxuanC/vela-ai-api/internal/platform/rag/chunker.go:87.53,88.31 1 1
github.com/JingxuanC/vela-ai-api/internal/platform/rag/chunker.go:88.31,90.3 1 1
github.com/JingxuanC/vela-ai-api/internal/platform/rag/chunker.go:94.2,108.13 6 1
github.com/JingxuanC/vela-ai-api/internal/platform/rag/chunker.go:112.44,113.22 1 1
github.com/JingxuanC/vela-ai-api/internal/platform/rag/chunker.go:113.22,115.3 1 1
github.com/JingxuanC/vela-ai-api/internal/platform/rag/chunker.go:116.2,117.68 2 0
github.com/JingxuanC/vela-ai-api/internal/platform/rag/chunker.go:117.68,119.3 1 0
github.com/JingxuanC/vela-ai-api/internal/platform/rag/chunker.go:120.2,120.20 1 0
github.com/JingxuanC/vela-ai-api/internal/platform/rag/embedder.go:32.73,41.2 1 1
github.com/JingxuanC/vela-ai-api/internal/platform/rag/embedder.go:44.90,55.16 5 1
github.com/JingxuanC/vela-ai-api/internal/platform/rag/embedder.go:55.16,57.3 1 0
github.com/JingxuanC/vela-ai-api/internal/platform/rag/embedder.go:59.2,61.16 2 1
github.com/JingxuanC/vela-ai-api/internal/platform/rag/embedder.go:61.16,63.3 1 0
github.com/JingxuanC/vela-ai-api/internal/platform/rag/embedder.go:64.2,67.16 3 1
github.com/JingxuanC/vela-ai-api/internal/platform/rag/embedder.go:67.16,69.3 1 0
github.com/JingxuanC/vela-ai-api/internal/platform/rag/embedder.go:70.2,72.38 2 1
github.com/JingxuanC/vela-ai-api/internal/platform/rag/embedder.go:72.38,75.3 2 0
github.com/JingxuanC/vela-ai-api/internal/platform/rag/embedder.go:77.2,78.67 2 1
github.com/JingxuanC/vela-ai-api/internal/platform/rag/embedder.go:78.67,80.3 1 0
github.com/JingxuanC/vela-ai-api/internal/platform/rag/embedder.go:82.2,82.31 1 1
github.com/JingxuanC/vela-ai-api/internal/platform/rag/embedder.go:86.37,86.54 1 1
github.com/JingxuanC/vela-ai-api/internal/platform/rag/fetcher.go:30.36,30.52 1 0
github.com/JingxuanC/vela-ai-api/internal/platform/rag/fetcher.go:34.84,35.35 1 0
github.com/JingxuanC/vela-ai-api/internal/platform/rag/fetcher.go:35.35,37.3 1 0
github.com/JingxuanC/vela-ai-api/internal/platform/rag/fetcher.go:39.2,43.41 2 0
github.com/JingxuanC/vela-ai-api/internal/platform/rag/fetcher.go:43.41,45.3 1 0
github.com/JingxuanC/vela-ai-api/internal/platform/rag/fetcher.go:47.2,49.34 3 0
github.com/JingxuanC/vela-ai-api/internal/platform/rag/fetcher.go:49.34,51.25 2 0
github.com/JingxuanC/vela-ai-api/internal/platform/rag/fetcher.go:51.25,53.4 1 0
github.com/JingxuanC/vela-ai-api/internal/platform/rag/fetcher.go:54.3,55.45 1 0
github.com/JingxuanC/vela-ai-api/internal/platform/rag/fetcher.go:57.2,57.20 1 0
github.com/JingxuanC/vela-ai-api/internal/platform/rag/indexer.go:23.49,30.2 1 1
github.com/JingxuanC/vela-ai-api/internal/platform/rag/indexer.go:33.58,35.16 2 1
github.com/JingxuanC/vela-ai-api/internal/platform/rag/indexer.go:35.16,37.3 1 0
github.com/JingxuanC/vela-ai-api/internal/platform/rag/indexer.go:38.2,39.38 2 1
github.com/JingxuanC/vela-ai-api/internal/platform/rag/indexer.go:39.38,41.3 1 0
github.com/JingxuanC/vela-ai-api/internal/platform/rag/indexer.go:42.2,42.12 1 1
github.com/JingxuanC/vela-ai-api/internal/platform/rag/indexer.go:49.93,54.16 3 1
github.com/JingxuanC/vela-ai-api/internal/platform/rag/indexer.go:54.16,56.3 1 0
github.com/JingxuanC/vela-ai-api/internal/platform/rag/indexer.go:57.2,57.12 1 1
github.com/JingxuanC/vela-ai-api/internal/platform/rag/indexer.go:57.12,58.27 1 1
github.com/JingxuanC/vela-ai-api/internal/platform/rag/indexer.go:58.27,60.4 1 0
github.com/JingxuanC/vela-ai-api/internal/platform/rag/indexer.go:61.3,61.13 1 1
github.com/JingxuanC/vela-ai-api/internal/platform/rag/indexer.go:65.2,72.16 3 1
github.com/JingxuanC/vela-ai-api/internal/platform/rag/indexer.go:72.16,74.3 1 0
github.com/JingxuanC/vela-ai-api/internal/platform/rag/indexer.go:75.2,77.38 2 1
github.com/JingxuanC/vela-ai-api/internal/platform/rag/indexer.go:77.38,80.3 2 0
github.com/JingxuanC/vela-ai-api/internal/platform/rag/indexer.go:82.2,83.12 2 1
github.com/JingxuanC/vela-ai-api/internal/platform/rag/indexer.go:87.107,89.16 2 1
github.com/JingxuanC/vela-ai-api/internal/platform/rag/indexer.go:89.16,91.3 1 0
github.com/JingxuanC/vela-ai-api/internal/platform/rag/indexer.go:92.2,94.44 2 1
github.com/JingxuanC/vela-ai-api/internal/platform/rag/indexer.go:94.44,96.3 1 1
github.com/JingxuanC/vela-ai-api/internal/platform/rag/indexer.go:97.2,97.38 1 1
github.com/JingxuanC/vela-ai-api/internal/platform/rag/indexer.go:97.38,100.3 2 0
github.com/JingxuanC/vela-ai-api/internal/platform/rag/indexer.go:102.2,113.67 2 1
github.com/JingxuanC/vela-ai-api/internal/platform/rag/indexer.go:113.67,115.3 1 0
github.com/JingxuanC/vela-ai-api/internal/platform/rag/indexer.go:117.2,117.60 1 1
github.com/JingxuanC/vela-ai-api/internal/platform/rag/indexer.go:121.83,124.16 3 1
github.com/JingxuanC/vela-ai-api/internal/platform/rag/indexer.go:124.16,126.3 1 0
github.com/JingxuanC/vela-ai-api/internal/platform/rag/indexer.go:127.2,129.12 3 1
github.com/JingxuanC/vela-ai-api/internal/platform/rag/indexer.go:141.115,142.33 1 1
github.com/JingxuanC/vela-ai-api/internal/platform/rag/indexer.go:142.33,144.3 1 0
github.com/JingxuanC/vela-ai-api/internal/platform/rag/indexer.go:145.2,145.22 1 1
github.com/JingxuanC/vela-ai-api/internal/platform/rag/indexer.go:145.22,147.3 1 0
github.com/JingxuanC/vela-ai-api/internal/platform/rag/indexer.go:149.2,151.28 3 1
github.com/JingxuanC/vela-ai-api/internal/platform/rag/indexer.go:151.28,154.45 2 1
github.com/JingxuanC/vela-ai-api/internal/platform/rag/indexer.go:154.45,156.4 1 0
github.com/JingxuanC/vela-ai-api/internal/platform/rag/indexer.go:156.9,156.27 1 1
github.com/JingxuanC/vela-ai-api/internal/platform/rag/indexer.go:156.27,158.4 1 1
github.com/JingxuanC/vela-ai-api/internal/platform/rag/indexer.go:160.3,167.34 2 1
github.com/JingxuanC/vela-ai-api/internal/platform/rag/indexer.go:167.34,169.4 1 0
github.com/JingxuanC/vela-ai-api/internal/platform/rag/indexer.go:170.3,170.36 1 1
github.com/JingxuanC/vela-ai-api/internal/platform/rag/indexer.go:170.36,172.4 1 0
github.com/JingxuanC/vela-ai-api/internal/platform/rag/indexer.go:173.3,173.33 1 1
github.com/JingxuanC/vela-ai-api/internal/platform/rag/indexer.go:173.33,175.4 1 0
github.com/JingxuanC/vela-ai-api/internal/platform/rag/indexer.go:177.3,181.4 1 1
github.com/JingxuanC/vela-ai-api/internal/platform/rag/indexer.go:184.2,189.16 3 1
github.com/JingxuanC/vela-ai-api/internal/platform/rag/indexer.go:189.16,191.3 1 0
github.com/JingxuanC/vela-ai-api/internal/platform/rag/indexer.go:192.2,194.38 2 1
github.com/JingxuanC/vela-ai-api/internal/platform/rag/indexer.go:194.38,197.3 2 0
github.com/JingxuanC/vela-ai-api/internal/platform/rag/indexer.go:199.2,199.12 1 1
github.com/JingxuanC/vela-ai-api/internal/platform/rag/indexer.go:205.128,207.20 2 1
github.com/JingxuanC/vela-ai-api/internal/platform/rag/indexer.go:207.20,209.3 1 1
github.com/JingxuanC/vela-ai-api/internal/platform/rag/indexer.go:210.2,210.24 1 1
github.com/JingxuanC/vela-ai-api/internal/platform/rag/indexer.go:210.24,212.3 1 1
github.com/JingxuanC/vela-ai-api/internal/platform/rag/indexer.go:215.2,223.27 2 1
github.com/JingxuanC/vela-ai-api/internal/platform/rag/indexer.go:223.27,232.3 1 0
github.com/JingxuanC/vela-ai-api/internal/platform/rag/indexer.go:234.2,235.16 2 1
github.com/JingxuanC/vela-ai-api/internal/platform/rag/indexer.go:235.16,237.3 1 0
github.com/JingxuanC/vela-ai-api/internal/platform/rag/indexer.go:238.2,240.38 2 1
github.com/JingxuanC/vela-ai-api/internal/platform/rag/indexer.go:240.38,243.3 2 0
github.com/JingxuanC/vela-ai-api/internal/platform/rag/indexer.go:245.2,252.67 2 1
github.com/JingxuanC/vela-ai-api/internal/platform/rag/indexer.go:252.67,254.3 1 0
github.com/JingxuanC/vela-ai-api/internal/platform/rag/indexer.go:256.2,257.34 2 1
github.com/JingxuanC/vela-ai-api/internal/platform/rag/indexer.go:257.34,272.3 2 1
github.com/JingxuanC/vela-ai-api/internal/platform/rag/indexer.go:274.2,274.57 1 1
github.com/JingxuanC/vela-ai-api/internal/platform/rag/indexer.go:279.110,281.16 2 1
github.com/JingxuanC/vela-ai-api/internal/platform/rag/indexer.go:281.16,283.3 1 0
github.com/JingxuanC/vela-ai-api/internal/platform/rag/indexer.go:284.2,285.16 2 1
github.com/JingxuanC/vela-ai-api/internal/platform/rag/indexer.go:285.16,287.3 1 0
github.com/JingxuanC/vela-ai-api/internal/platform/rag/indexer.go:288.2,289.23 2 1
github.com/JingxuanC/vela-ai-api/internal/platform/rag/indexer.go:292.109,294.16 2 1
github.com/JingxuanC/vela-ai-api/internal/platform/rag/indexer.go:294.16,296.3 1 0
github.com/JingxuanC/vela-ai-api/internal/platform/rag/indexer.go:297.2,297.23 1 1
github.com/JingxuanC/vela-ai-api/internal/platform/rag/indexer.go:302.58,303.25 1 1
github.com/JingxuanC/vela-ai-api/internal/platform/rag/indexer.go:303.25,304.30 1 1
github.com/JingxuanC/vela-ai-api/internal/platform/rag/indexer.go:304.30,306.4 1 1
github.com/JingxuanC/vela-ai-api/internal/platform/rag/indexer.go:308.2,308.11 1 1
github.com/JingxuanC/vela-ai-api/internal/platform/rag/indexer.go:311.36,313.81 1 1
github.com/JingxuanC/vela-ai-api/internal/platform/rag/indexer.go:313.81,315.3 1 0
github.com/JingxuanC/vela-ai-api/internal/platform/rag/indexer.go:316.2,316.10 1 1
github.com/JingxuanC/vela-ai-api/internal/platform/rag/retriever.go:18.123,19.20 1 0
github.com/JingxuanC/vela-ai-api/internal/platform/rag/retriever.go:19.20,21.3 1 0
github.com/JingxuanC/vela-ai-api/internal/platform/rag/retriever.go:22.2,22.24 1 0
github.com/JingxuanC/vela-ai-api/internal/platform/rag/retriever.go:22.24,24.3 1 0
github.com/JingxuanC/vela-ai-api/internal/platform/rag/retriever.go:27.2,29.33 3 0
github.com/JingxuanC/vela-ai-api/internal/platform/rag/retriever.go:29.33,32.22 2 0
github.com/JingxuanC/vela-ai-api/internal/platform/rag/retriever.go:32.22,35.4 2 0
github.com/JingxuanC/vela-ai-api/internal/platform/rag/retriever.go:36.3,36.24 1 0
github.com/JingxuanC/vela-ai-api/internal/platform/rag/retriever.go:36.24,38.4 1 0
github.com/JingxuanC/vela-ai-api/internal/platform/rag/retriever.go:39.3,42.50 2 0
github.com/JingxuanC/vela-ai-api/internal/platform/rag/retriever.go:46.2,47.16 2 0
github.com/JingxuanC/vela-ai-api/internal/platform/rag/retriever.go:47.16,50.3 2 0
github.com/JingxuanC/vela-ai-api/internal/platform/rag/retriever.go:52.2,52.20 1 0
github.com/JingxuanC/vela-ai-api/internal/platform/rag/retriever.go:58.63,62.22 2 1
github.com/JingxuanC/vela-ai-api/internal/platform/rag/retriever.go:62.22,65.3 2 1
github.com/JingxuanC/vela-ai-api/internal/platform/rag/retriever.go:68.2,68.25 1 1
github.com/JingxuanC/vela-ai-api/internal/platform/rag/retriever.go:68.25,70.34 2 1
github.com/JingxuanC/vela-ai-api/internal/platform/rag/retriever.go:70.34,72.26 2 1
github.com/JingxuanC/vela-ai-api/internal/platform/rag/retriever.go:72.26,74.5 1 0
github.com/JingxuanC/vela-ai-api/internal/platform/rag/retriever.go:75.4,76.46 1 1
github.com/JingxuanC/vela-ai-api/internal/platform/rag/retriever.go:80.2,80.20 1 1
github.com/JingxuanC/vela-ai-api/internal/platform/rag/retriever.go:85.41,88.2 2 0
github.com/JingxuanC/vela-ai-api/internal/platform/rag/retriever.go:90.93,91.20 1 0
github.com/JingxuanC/vela-ai-api/internal/platform/rag/retriever.go:91.20,93.3 1 0
github.com/JingxuanC/vela-ai-api/internal/platform/rag/retriever.go:94.2,95.16 2 0
github.com/JingxuanC/vela-ai-api/internal/platform/rag/retriever.go:95.16,97.3 1 0
github.com/JingxuanC/vela-ai-api/internal/platform/rag/retriever.go:98.2,98.40 1 0
github.com/JingxuanC/vela-ai-api/internal/platform/rag/retriever.go:101.95,102.20 1 0
github.com/JingxuanC/vela-ai-api/internal/platform/rag/retriever.go:102.20,104.3 1 0
github.com/JingxuanC/vela-ai-api/internal/platform/rag/retriever.go:105.2,105.73 1 0
github.com/JingxuanC/vela-ai-api/internal/platform/rag/retriever.go:109.47,111.24 2 1
github.com/JingxuanC/vela-ai-api/internal/platform/rag/retriever.go:111.24,113.3 1 1
github.com/JingxuanC/vela-ai-api/internal/platform/rag/retriever.go:114.2,114.10 1 1
github.com/JingxuanC/vela-ai-api/internal/platform/rag/retriever.go:118.50,119.22 1 1
github.com/JingxuanC/vela-ai-api/internal/platform/rag/retriever.go:119.22,121.3 1 1
github.com/JingxuanC/vela-ai-api/internal/platform/rag/retriever.go:122.2,123.21 2 1
github.com/JingxuanC/vela-ai-api/internal/platform/rag/retriever.go:123.21,125.3 1 1
github.com/JingxuanC/vela-ai-api/internal/platform/rag/retriever.go:126.2,126.12 1 1
github.com/JingxuanC/vela-ai-api/internal/platform/rag/retriever.go:130.48,131.22 1 0
github.com/JingxuanC/vela-ai-api/internal/platform/rag/retriever.go:131.22,133.3 1 0
github.com/JingxuanC/vela-ai-api/internal/platform/rag/retriever.go:134.2,134.27 1 0
github.com/JingxuanC/vela-ai-api/internal/platform/rag/service.go:36.64,44.43 5 1
github.com/JingxuanC/vela-ai-api/internal/platform/rag/service.go:44.43,46.3 1 0
github.com/JingxuanC/vela-ai-api/internal/platform/rag/service.go:48.2,49.19 2 1
github.com/JingxuanC/vela-ai-api/internal/platform/rag/service.go:49.19,51.3 1 0
github.com/JingxuanC/vela-ai-api/internal/platform/rag/service.go:53.2,59.8 1 1
github.com/JingxuanC/vela-ai-api/internal/platform/rag/service.go:66.76,67.22 1 1
github.com/JingxuanC/vela-ai-api/internal/platform/rag/service.go:67.22,69.3 1 1
github.com/JingxuanC/vela-ai-api/internal/platform/rag/service.go:70.2,70.32 1 1
github.com/JingxuanC/vela-ai-api/internal/platform/rag/service.go:70.32,72.3 1 0
github.com/JingxuanC/vela-ai-api/internal/platform/rag/service.go:75.2,76.28 2 1
github.com/JingxuanC/vela-ai-api/internal/platform/rag/service.go:76.28,78.3 1 1
github.com/JingxuanC/vela-ai-api/internal/platform/rag/service.go:80.2,80.36 1 1
github.com/JingxuanC/vela-ai-api/internal/platform/rag/service.go:80.36,81.58 1 1
github.com/JingxuanC/vela-ai-api/internal/platform/rag/service.go:81.58,83.12 2 0
github.com/JingxuanC/vela-ai-api/internal/platform/rag/service.go:87.2,87.12 1 1
github.com/JingxuanC/vela-ai-api/internal/platform/rag/service.go:90.91,93.28 2 1
github.com/JingxuanC/vela-ai-api/internal/platform/rag/service.go:93.28,95.3 1 1
github.com/JingxuanC/vela-ai-api/internal/platform/rag/service.go:98.2,99.16 2 1
github.com/JingxuanC/vela-ai-api/internal/platform/rag/service.go:99.16,101.3 1 0
github.com/JingxuanC/vela-ai-api/internal/platform/rag/service.go:102.2,102.33 1 1
github.com/JingxuanC/vela-ai-api/internal/platform/rag/service.go:102.33,104.3 1 0
github.com/JingxuanC/vela-ai-api/internal/platform/rag/service.go:107.2,107.53 1 1
github.com/JingxuanC/vela-ai-api/internal/platform/rag/service.go:107.53,108.83 1 1
github.com/JingxuanC/vela-ai-api/internal/platform/rag/service.go:108.83,110.4 1 0
github.com/JingxuanC/vela-ai-api/internal/platform/rag/service.go:111.3,111.43 1 1
github.com/JingxuanC/vela-ai-api/internal/platform/rag/service.go:115.2,115.75 1 1
github.com/JingxuanC/vela-ai-api/internal/platform/rag/service.go:115.75,117.3 1 0
github.com/JingxuanC/vela-ai-api/internal/platform/rag/service.go:119.2,120.12 2 1
github.com/JingxuanC/vela-ai-api/internal/platform/rag/service.go:124.68,126.2 1 0
github.com/JingxuanC/vela-ai-api/internal/platform/rag/service.go:131.77,133.2 1 0
github.com/JingxuanC/vela-ai-api/internal/platform/rag/service.go:138.46,138.66 1 0
github.com/JingxuanC/vela-ai-api/internal/platform/rag/service.go:141.55,143.2 1 0
github.com/JingxuanC/vela-ai-api/internal/platform/rag/types.go:97.43,98.22 1 1
github.com/JingxuanC/vela-ai-api/internal/platform/rag/types.go:98.22,100.3 1 1
github.com/JingxuanC/vela-ai-api/internal/platform/rag/types.go:101.2,101.34 1 1
github.com/JingxuanC/vela-ai-api/internal/platform/rag/types.go:114.40,116.2 1 1
github.com/JingxuanC/vela-ai-api/internal/platform/rag/types.go:119.45,121.16 2 1
github.com/JingxuanC/vela-ai-api/internal/platform/rag/types.go:122.16,123.42 1 1
github.com/JingxuanC/vela-ai-api/internal/platform/rag/types.go:124.17,125.42 1 1
github.com/JingxuanC/vela-ai-api/internal/platform/rag/types.go:126.18,127.43 1 1
github.com/JingxuanC/vela-ai-api/internal/platform/rag/types.go:128.10,129.13 1 1
github.com/JingxuanC/vela-ai-api/internal/platform/rag/types.go:131.2,131.11 1 1
